     1                                  
     2                                  
     3                                  section .data; СЃРµРіРјРµРЅС‚ РёРЅРёС†РёР°Р»РёР·РёСЂРѕРІР°РЅРЅС‹С… РїРµСЂРµРјРµРЅРЅС‹С…
     4 00000000 20                      	Space db ' ' 
     5 00000001 0A                      	NewLine: db 0xA
     6                                  	
     7 00000002 496E70757420737472-     	InputMsg db "Input string: ", 0xA ; РІС‹РІРѕРґРёРјРѕРµ СЃРѕРѕР±С‰РµРЅРёРµ
     7 0000000B 696E673A200A       
     8                                  	lenInput equ $-InputMsg
     9                                  	
    10 00000011 496E70757420636F6D-     	InputLetMsg db "Input combination of letters: ", 0xA ; РІС‹РІРѕРґРёРјРѕРµ СЃРѕРѕР±С‰РµРЅРёРµ
    10 0000001A 62696E6174696F6E20-
    10 00000023 6F66206C6574746572-
    10 0000002C 733A200A           
    11                                  	lenInputLet equ $-InputLetMsg
    12                                  	
    13 00000030 4E756D626572206F66-     	LettersNumberMsg db "Number of letters:" ; РЅРѕРјРµСЂР° Р±СѓРєРІ РІ СЃР»РѕРІРµ, РєРѕС‚РѕСЂС‹Рµ СЃРѕРІРїР°Р»Рё СЃ СЃРѕС‡РµС‚Р°РЅРёРµРј
    13 00000039 206C6574746572733A 
    14                                  	lenLettersNumber equ $-LettersNumberMsg
    15                                  	
    16 00000042 3B204E756D62657220-     	WordNumberMsg db "; Number of word:" ; РЅРѕРјРµСЂР° СЃР»РѕРІР° СЃ СЃРѕС‡РµС‚Р°РЅРёРµРј
    16 0000004B 6F6620776F72643A   
    17                                  	lenWordNumber equ $-WordNumberMsg
    18                                  
    19                                  ; СЃРµРіРјРµРЅС‚ РЅРµРёРЅРёС†РёР°Р»РёР·РёСЂРѕРІР°РЅРЅС‹С… РїРµСЂРµРјРµРЅРЅС‹С…
    20                                  section .bss
    21 00000000 <res 100h>              	input_str resb 256
    22                                  	str_len equ $- input_str-1
    23                                  	
    24 00000100 <res 17h>               	input_let resb 23
    25                                  	let_len equ $- input_let-1
    26                                  	
    27 00000117 ????                    	OutBuf resb 2 ; Р±СѓС„РµСЂ РґР»СЏ РІС‹РІРѕРґРёРјРѕР№ СЃС‚СЂРѕРєРё
    28                                  	lenOut equ $-OutBuf
    29                                  			
    30                                  section .text ; СЃРµРіРјРµРЅС‚ РєРѕРґР°
    31                                  global _Z22combination_of_lettersPcS_ii
    32                                  
    33                                  _Z22combination_of_lettersPcS_ii:
    34                                  ; С‡Р°СЃС‚СЊ РєРѕРґР°, РєРѕС‚РѕСЂР°СЏ Р±СѓРґРµС‚ РЅР° РїР»СЋСЃР°С…
    35                                  
    36 00000000 55                      	push rbp
    37 00000001 57                      	push rdi
    38                                  	; call PrintInputMsg
    39                                  	
    40                                  	; РІРІРѕРґ СЃС‚СЂРѕРєРё
    41                                  	; mov rax, 0 ; System call 0 for read
    42                                  	; mov rdi, 0 ; File descriptor for stdin
    43                                  	; mov rsi, input_str ; Address of input buffer
    44                                  	; mov rdx, str_len ; Maximum length to read
    45                                  	; syscall
    46                                  
    47 00000002 48893C25[00000000]      	mov [input_str], rdi
    48 0000000A 48891425FF000000        	mov [str_len], rdx 
    49                                  	
    50                                  	; call PrintInputLetMsg
    51                                  	
    52                                  	; ; РІРІРѕРґ СЃРѕС‡РµС‚Р°РЅРёСЏ
    53                                  	; mov rax, 0 ; System call 0 for read
    54                                  	; mov rdi, 0 ; File descriptor for stdin
    55                                  	; mov rsi, input_let ; Address of input buffer
    56                                  	; mov rdx, let_len ; Maximum length to read
    57                                  	; syscall
    58                                  
    59 00000012 48893425[00010000]      	mov [input_let], rsi
    60 0000001A 48890C2516000000        	mov [let_len], rcx 
    61                                  	
    62 00000022 48BE-                   	mov rsi, input_let ; РІРІРґРµРЅРЅРѕРµ СЃРѕС‡РµС‚Р°РЅРёРµ
    62 00000024 [0001000000000000] 
    63                                  	
    64                                  	; РїРѕРґСЃС‡РµС‚ РґР»РёРЅС‹ РІРІРµРґРµРЅРЅРѕРіРѕ СЃРѕС‡РµС‚Р°РЅРёСЏ
    65                                  	; mov rcx, 22
    66                                  	; cycle_len:
    67                                  	; 	mov al, [rsi]
    68                                  	; 	cmp al, 0xA
    69                                  	; 	je end_len
    70                                  		
    71                                  	; 	inc r8
    72                                  	; 	inc rsi
    73                                  	; 	loop cycle_len
    74                                  	
    75                                  	; end_len:
    76                                  	; mov rdx, r8
    77                                  	
    78 0000002C 488B3C25[00000000]      	mov rdi, [input_str] ; РІРІРµРґРµРЅРЅР°СЏ СЃС‚СЂРѕРєР°
    79 00000034 488B3425[00010000]      	mov rsi, [input_let] ; РІРІРґРµРЅРЅРѕРµ СЃРѕС‡РµС‚Р°РЅРёРµ
    80                                  	; mov rdx, let_len ; РґР»РёРЅР° СЃРѕС‡РµС‚Р°РЅРёСЏ
    81                                  	
    82                                  ; С‡Р°СЃС‚СЊ РєРѕРґР°, РєРѕС‚РѕСЂР°СЏ Р±СѓРґРµС‚ РЅР° Р°СЃСЃРµРјР±Р»РµСЂРµ
    83 0000003C 4989F2                  	mov r10, rsi
    84 0000003F 4989D4                  	mov r12, rdx
    85 00000042 4889FE                  	mov rsi, rdi
    86                                  	; СЂР°СЃС‡РµС‚С‹
    87 00000045 488B0C25FF000000        	mov rcx, [str_len] ; РґР»РёРЅР° СЃС‚СЂРѕРєРё
    88 0000004D 41B901000000            	mov r9, 1 ; РЅРѕРјРµСЂ СЃР»РѕРІР° РІ СЃС‚СЂРѕРєРµ
    89 00000053 41B800000000            	mov r8, 0 ; РЅРѕРјРµСЂ Р±СѓРєРІС‹ РІ СЃР»РѕРІРµ
    90                                  	
    91                                  	cycle1:
    92 00000059 51                      		push rcx ; СЃРѕС…СЂР°РЅСЏРµРј СЃС‡РµС‚С‡РёРє
    93                                  		
    94                                  		; РїСЂРѕРІРµСЂРєР° РЅР° РєРѕРЅРµС† СЃС‚СЂРѕРєРё
    95 0000005A 418A02                  		mov al, [r10]
    96 0000005D 88C3                    		mov bl, al
    97                                  		
    98 0000005F 8A06                    		mov al, [rsi]
    99 00000061 3C0A                    		cmp al, 0xA
   100 00000063 0F84B9000000            		je done
   101                                  		
   102                                  		; РїСЂРѕРІРµСЂРєР° РЅР° РїСЂРѕР±РµР» (РєРѕРЅРµС† СЃР»РѕРІР°)
   103 00000069 3C20                    		cmp al, ' '
   104 0000006B 0F84A5000000            		je new_word
   105                                  		
   106 00000071 49FFC0                  		inc r8 ; СѓРІРµР»РёС‡РёРІР°РµРј РЅРѕРјРµСЂ СЃРёРјРІРѕР»Р° РІ СЃР»РѕРІРµ
   107                                  		
   108                                  		; РїСЂРѕРІРµСЂРєР° РЅР° СЃРѕРІРїР°РґРµРЅРёРµ РґР°РЅРЅРѕРіРѕ СЃРёРјРІРѕР»Р° СЃ РїРµСЂРІРѕР№ Р±СѓРєРІРѕР№ СЃРѕС‡РµС‚Р°РЅРёСЏ
   109 00000074 38D8                    		cmp al, bl
   110 00000076 0F858E000000            		jne next_letter
   111                                  		
   112 0000007C 41BE00000000            		mov r14, 0
   113                                  		
   114 00000082 4C89E1                  		mov rcx, r12 ; СЃС‡РµС‚С‡РёРє РїРѕ Р±СѓРєРІР°Рј СЃРѕС‡РµС‚Р°РЅРёСЏ
   115                                  		cycle2:
   116 00000085 49FFC6                  			inc r14 ; СѓРІРµР»РёС‡РёРІР°РµРј С€Р°Рі РїРѕ СЃРёРјРІРѕР»Р°Рј
   117                                  			
   118                                  			; РїСЂРѕРІРµСЂРєР° РЅР° СЃРѕРІРїР°РґРµРЅРёРµ РѕСЃС‚Р°Р»СЊРЅС‹С… Р±СѓРєРІ СЃРѕС‡РµС‚Р°РЅРёСЏ СЃ СЃРѕСЃРµРґСЏРјРё РЅР°Р№РґРµРЅРЅРѕР№
   119 00000088 49FFC2                  			inc r10
   120 0000008B 418A02                  			mov al, [r10]
   121 0000008E 88C3                    			mov bl, al
   122                                  			
   123 00000090 48FFC6                  			inc rsi
   124 00000093 8A06                    			mov al, [rsi]
   125 00000095 38D8                    			cmp al, bl
   126 00000097 7502                    			jne next_step ; РІС‹С…РѕРґ РёР· С†РёРєР»Р°
   127                                  
   128 00000099 E2EA                    			loop cycle2 ; РєРѕРЅРµС† РїСЂРѕРІРµСЂРєРё СЃРѕРІРїР°РґРµРЅРёСЏ РѕСЃС‚Р°Р»СЊРЅС‹С… СЃРёРјРІРѕР»РѕРІ
   129                                  		
   130                                  		next_step:
   131 0000009B 4C29F6                  		sub rsi, r14
   132 0000009E 4D29F2                  		sub r10, r14
   133                                  		
   134 000000A1 4989F5                  		mov r13, rsi
   135 000000A4 4D89D7                  		mov r15, r10
   136 000000A7 59                      		pop rcx
   137                                  		
   138                                  		; СЃРѕРІРїР°Р»Рё Р»Рё РІСЃРµ СЃРёРјРІРѕР»С‹ СЃРѕС‡РµС‚Р°РЅРёСЏ?
   139 000000A8 4D39F4                  		cmp r12, r14 ; РґР»РёРЅР° СЃРѕС‡РµС‚Р°РЅРёСЏ Рё РєРѕР»-РІРѕ СЃРѕРІРїР°РІС€РёС… Р±СѓРєРІ
   140 000000AB 755D                    		jne next_letter
   141                                  		
   142                                  		; С†РёРєР» РїРѕ РґР°Р±Р°РІР»РµРЅРёСЋ РІ РјР°С‚СЂРёС†Сѓ РЅРѕРјРµСЂРѕРІ Р±СѓРєРІ, СЃРѕРІРїР°РІС€РёС… СЃ СЃРѕС‡РµС‚Р°РЅРёРµРј
   143 000000AD E8C7000000              		call PrintLettersNumber
   144 000000B2 E8FA000000              		call PrintSpace
   145                                  		
   146 000000B7 4C89F1                  		mov rcx, r14
   147                                  		cycle3: ; РІС‹РІРѕРґ РЅРѕРјРµСЂРѕРј Р±СѓРєРІ
   148 000000BA 51                      			push rcx ; СЃРѕС…СЂР°РЅСЏРµРј СЃС‡РµС‚С‡РёРє
   149 000000BB 4C89C0                  			mov rax, r8
   150 000000BE 48BE-                   			mov rsi, OutBuf
   150 000000C0 [1701000000000000] 
   151 000000C8 E81C010000              			call IntToStr64
   152 000000CD E8C3000000              			call PrintNumber
   153 000000D2 E8DA000000              			call PrintSpace
   154                                  
   155 000000D7 49FFC0                  			inc r8
   156 000000DA 59                      			pop rcx
   157 000000DB E2DD                    			loop cycle3 ; РєРѕРЅРµС† РґРѕР±Р°РІР»РµРЅРёСЏ 
   158                                  		
   159 000000DD 59                      		pop rcx
   160                                  		; РґРѕР±Р°РІР»РµРЅРёРµ РЅРѕРјРµСЂР° СЃР»РѕРІР°
   161 000000DE E87A000000              		call PrintWordNumber
   162 000000E3 E8C9000000              		call PrintSpace
   163                                  		
   164 000000E8 4C89C8                  		mov rax, r9
   165 000000EB 48BE-                   		mov rsi, OutBuf
   165 000000ED [1701000000000000] 
   166 000000F5 E8EF000000              		call IntToStr64
   167 000000FA E896000000              		call PrintNumber
   168 000000FF E8C9000000              		call PrintNewLine
   169                                  		
   170 00000104 4C89EE                  		mov rsi, r13
   171 00000107 4D89FA                  		mov r10, r15
   172                                  		
   173                                  		next_letter:
   174                                  
   175 0000010A 48FFC6                  		inc rsi
   176 0000010D 48FFC9                  		dec rcx
   177 00000110 0F8543FFFFFF            		jnz cycle1 ; РєРѕРЅРµС† РїСЂРѕС…РѕРґР° РїРѕ СЃС‚СЂРѕРєРµ	
   178                                  	
   179                                  	new_word:
   180 00000116 51                      		push rcx
   181 00000117 41B800000000            		mov r8, 0
   182 0000011D 49FFC1                  		inc r9
   183 00000120 EBE8                    		jmp next_letter
   184                                  	
   185                                  	; РІС‹РІРѕРґ СЂРµР·СѓР»СЊС‚Р°С‚Р°
   186                                  	done:
   187                                  	
   188                                  	exit:
   189                                  		; mov rax, 60; СЃРёСЃС‚РµРјРЅР°СЏ С„СѓРЅРєС†РёСЏ 60 (exit)
   190                                  		; xor rdi, rdi; return code 0
   191                                  		; syscall; РІС‹Р·РѕРІ СЃРёСЃС‚РµРјРЅРѕР№ С„СѓРЅРєС†РёРё
   192 00000122 5F                      		pop rdi
   193 00000123 5D                      		pop rbp
   194 00000124 C3                      		ret
   195                                  		
   196                                  	PrintInputMsg:
   197 00000125 B801000000              		mov rax, 1
   198 0000012A BF01000000              		mov rdi, 1
   199 0000012F 48BE-                   		mov rsi, InputMsg
   199 00000131 [0200000000000000] 
   200 00000139 BA0F000000              		mov rdx, lenInput
   201 0000013E 0F05                    		syscall
   202 00000140 C3                      		ret
   203                                  		
   204                                  	PrintInputLetMsg:
   205 00000141 B801000000              		mov rax, 1
   206 00000146 BF01000000              		mov rdi, 1
   207 0000014B 48BE-                   		mov rsi, InputLetMsg
   207 0000014D [1100000000000000] 
   208 00000155 BA1F000000              		mov rdx, lenInputLet
   209 0000015A 0F05                    		syscall
   210 0000015C C3                      		ret
   211                                  		
   212                                  	PrintWordNumber:
   213 0000015D B801000000              		mov rax, 1
   214 00000162 BF01000000              		mov rdi, 1
   215 00000167 48BE-                   		mov rsi, WordNumberMsg
   215 00000169 [4200000000000000] 
   216 00000171 BA11000000              		mov rdx, lenWordNumber
   217 00000176 0F05                    		syscall
   218 00000178 C3                      		ret
   219                                  		
   220                                  	PrintLettersNumber:
   221 00000179 B801000000              		mov rax, 1
   222 0000017E BF01000000              		mov rdi, 1
   223 00000183 48BE-                   		mov rsi, LettersNumberMsg
   223 00000185 [3000000000000000] 
   224 0000018D BA12000000              		mov rdx, lenLettersNumber
   225 00000192 0F05                    		syscall
   226 00000194 C3                      		ret
   227                                  		
   228                                  	PrintNumber:
   229 00000195 B801000000              		mov rax, 1
   230 0000019A BF01000000              		mov rdi, 1
   231 0000019F 48BE-                   		mov rsi, OutBuf
   231 000001A1 [1701000000000000] 
   232 000001A9 BA02000000              		mov rdx, lenOut
   233 000001AE 0F05                    		syscall
   234 000001B0 C3                      		ret
   235                                  		
   236                                  	PrintSpace:
   237 000001B1 B801000000              		mov rax, 1
   238 000001B6 BF01000000              		mov rdi, 1
   239 000001BB 48BE-                   		mov rsi, Space
   239 000001BD [0000000000000000] 
   240 000001C5 BA01000000              		mov rdx, 1
   241 000001CA 0F05                    		syscall
   242 000001CC C3                      		ret
   243                                  		
   244                                  	PrintNewLine:
   245 000001CD B801000000              		mov rax, 1
   246 000001D2 BF01000000              		mov rdi, 1
   247 000001D7 48BE-                   		mov rsi, NewLine
   247 000001D9 [0100000000000000] 
   248 000001E1 BA01000000              		mov rdx, 1
   249 000001E6 0F05                    		syscall
   250 000001E8 C3                      		ret
   251                                  %include "../lib64.asm"
   252                              <1>          section .text     ; сегмент кода
   253                              <1> IntToStr64: 
   254 000001E9 57                  <1>          push   rdi
   255 000001EA 53                  <1>          push   rbx
   256 000001EB 52                  <1>          push   rdx
   257 000001EC 51                  <1>          push   rcx
   258 000001ED 56                  <1> 		 push   rsi
   259 000001EE C60600              <1> 		 mov    byte[rsi],0 ; на место знака
   260 000001F1 83F800              <1>          cmp    eax,0
   261 000001F4 7D05                <1>          jge    .l1
   262 000001F6 F7D8                <1>          neg    eax
   263 000001F8 C6062D              <1>          mov    byte[rsi],'-'
   264 000001FB C646060A            <1> .l1      mov    byte[rsi+6],10
   265 000001FF BF05000000          <1>          mov    rdi,5
   266 00000204 66BB0A00            <1>          mov    bx,10
   267 00000208 6699                <1> .again:  cwd           ; расширили слово до двойного
   268 0000020A 66F7F3              <1>          div    bx     ; делим результат на 10
   269 0000020D 80C230              <1>          add    dl,30h ; получаем из остатка код цифры
   270 00000210 88143E              <1>          mov    [rsi+rdi],dl ; пишем символ в строку
   271 00000213 48FFCF              <1>          dec    rdi    ; переводим указатель на  
   272                              <1>                        ; предыдущую позицию
   273 00000216 6683F800            <1>          cmp    ax, 0  ; преобразовали все число?
   274 0000021A 75EC                <1>          jne    .again
   275 0000021C B906000000          <1>          mov    rcx, 6
   276 00000221 4829F9              <1>          sub    rcx, rdi ; длина результата+знак
   277 00000224 4889C8              <1> 		 mov    rax,rcx
   278 00000227 48FFC0              <1> 		 inc    rax    ; длина результата+OA
   279 0000022A 48FFC6              <1>          inc    rsi    ; пропускаем знак
   280 0000022D 56                  <1> 		 push   rsi
   281 0000022E 488D343E            <1>          lea    rsi,[rsi+rdi] ; начало результата
   282 00000232 5F                  <1> 		 pop    rdi
   283 00000233 F3A4                <1>          rep movsb
   284 00000235 5E                  <1>          pop    rsi  
   285 00000236 59                  <1>          pop    rcx
   286 00000237 5A                  <1>          pop    rdx
   287 00000238 5B                  <1>          pop    rbx
   288 00000239 5F                  <1>          pop    rdi
   289 0000023A C3                  <1>          ret
   290                              <1> StrToInt64:
   291 0000023B 57                  <1>          push   rdi
   292 0000023C B739                <1>          mov    bh, '9'
   293 0000023E B330                <1>          mov    bl, '0'
   294 00000240 56                  <1>          push   rsi     ; сохраняем адрес исходной строки
   295 00000241 803E2D              <1>          cmp    byte[rsi], '-'
   296 00000244 7503                <1>          jne    .prod
   297 00000246 48FFC6              <1>          inc    rsi     ; пропускаем знак
   298 00000249 FC                  <1> .prod    cld
   299 0000024A 6631FF              <1>          xor    di, di  ; обнуляем будущее число
   300 0000024D AC                  <1> .cycle:  lodsb          ; загружаем символ (цифру)
   301 0000024E 3C0A                <1>          cmp    al, 10  ; если 10, то на конец
   302 00000250 741F                <1>          je     .Return
   303 00000252 38D8                <1>          cmp    al, bl  ; сравниваем с кодом нуля
   304 00000254 722F                <1>          jb     .Error  ; "ниже" – Ошибка
   305 00000256 38F8                <1>          cmp    al, bh  ; сравниваем с кодом девяти 
   306 00000258 772B                <1>          ja     .Error  ; "выше" – Ошибка
   307 0000025A 2C30                <1>          sub    al, 30h ; получаем цифру из символа
   308 0000025C 6698                <1>          cbw            ; расширяем до слова
   309 0000025E 6650                <1>          push   ax      ; сохраняем в стеке
   310 00000260 66B80A00            <1>          mov    ax, 10  ; заносим 10 в AX
   311 00000264 66F7E7              <1>          mul    di      ; умножаем, результат в DX:AX
   312 00000267 665F                <1>          pop    di      ; в DI – очередная цифра
   313 00000269 6601F8              <1>          add    ax, di
   314 0000026C 6689C7              <1>          mov    di, ax  ; в DI – накопленное число        
   315 0000026F EBDC                <1>          jmp    .cycle
   316 00000271 5E                  <1> .Return: pop    rsi
   317 00000272 BB00000000          <1>          mov    rbx, 0
   318 00000277 803E2D              <1>          cmp    byte[rsi], '-'
   319 0000027A 7503                <1>          jne    .J
   320 0000027C 66F7DF              <1>          neg    di
   321 0000027F 6689F8              <1> .J       mov    ax, di
   322 00000282 98                  <1>          cwde
   323 00000283 EB0B                <1>          jmp    .R
   324 00000285 5E                  <1> .Error:  pop    rsi
   325 00000286 B800000000          <1>          mov    rax, 0
   326 0000028B BB01000000          <1>          mov    rbx, 1
   327 00000290 5F                  <1> .R       pop    rdi
   328 00000291 C3                  <1>          ret
