     1                                  
     2                                  
     3                                  section .data; СЃРµРіРјРµРЅС‚ РёРЅРёС†РёР°Р»РёР·РёСЂРѕРІР°РЅРЅС‹С… РїРµСЂРµРјРµРЅРЅС‹С…
     4 00000000 20                      	Space db ' ' 
     5 00000001 0A                      	NewLine: db 0xA
     6                                  	
     7 00000002 496E70757420737472-     	InputMsg db "Input string: ", 0xA ; РІС‹РІРѕРґРёРјРѕРµ СЃРѕРѕР±С‰РµРЅРёРµ
     7 0000000B 696E673A200A       
     8                                  	lenInput equ $-InputMsg
     9                                  	
    10 00000011 496E70757420636F6D-     	InputLetMsg db "Input combination of letters: ", 0xA ; РІС‹РІРѕРґРёРјРѕРµ СЃРѕРѕР±С‰РµРЅРёРµ
    10 0000001A 62696E6174696F6E20-
    10 00000023 6F66206C6574746572-
    10 0000002C 733A200A           
    11                                  	lenInputLet equ $-InputLetMsg
    12                                  	
    13 00000030 4E756D626572206F66-     	LettersNumberMsg db "Number of letters:" ; РЅРѕРјРµСЂР° Р±СѓРєРІ РІ СЃР»РѕРІРµ, РєРѕС‚РѕСЂС‹Рµ СЃРѕРІРїР°Р»Рё СЃ СЃРѕС‡РµС‚Р°РЅРёРµРј
    13 00000039 206C6574746572733A 
    14                                  	lenLettersNumber equ $-LettersNumberMsg
    15                                  	
    16 00000042 3B204E756D62657220-     	WordNumberMsg db "; Number of word:" ; РЅРѕРјРµСЂР° СЃР»РѕРІР° СЃ СЃРѕС‡РµС‚Р°РЅРёРµРј
    16 0000004B 6F6620776F72643A   
    17                                  	lenWordNumber equ $-WordNumberMsg
    18                                  
    19                                  ; СЃРµРіРјРµРЅС‚ РЅРµРёРЅРёС†РёР°Р»РёР·РёСЂРѕРІР°РЅРЅС‹С… РїРµСЂРµРјРµРЅРЅС‹С…
    20                                  section .bss
    21 00000000 <res 100h>              	input_str resb 256
    22                                  	str_len equ $- input_str-1
    23                                  	
    24 00000100 <res 17h>               	input_let resb 23
    25                                  	let_len equ $- input_let-1
    26                                  	
    27 00000117 ????                    	OutBuf resb 2 ; Р±СѓС„РµСЂ РґР»СЏ РІС‹РІРѕРґРёРјРѕР№ СЃС‚СЂРѕРєРё
    28                                  	lenOut equ $-OutBuf
    29                                  			
    30                                  section .text ; СЃРµРіРјРµРЅС‚ РєРѕРґР°
    31                                  global _start
    32                                  _start:
    33                                  ; С‡Р°СЃС‚СЊ РєРѕРґР°, РєРѕС‚РѕСЂР°СЏ Р±СѓРґРµС‚ РЅР° РїР»СЋСЃР°С…
    34 00000000 E85C010000              	call PrintInputMsg
    35                                  	
    36                                  	; РІРІРѕРґ СЃС‚СЂРѕРєРё
    37 00000005 B800000000              	mov rax, 0 ; System call 0 for read
    38 0000000A BF00000000              	mov rdi, 0 ; File descriptor for stdin
    39 0000000F 48BE-                   	mov rsi, input_str ; Address of input buffer
    39 00000011 [0000000000000000] 
    40 00000019 BAFF000000              	mov rdx, str_len ; Maximum length to read
    41 0000001E 0F05                    	syscall
    42                                  	
    43 00000020 E858010000              	call PrintInputLetMsg
    44                                  	
    45                                  	; РІРІРѕРґ СЃРѕС‡РµС‚Р°РЅРёСЏ
    46 00000025 B800000000              	mov rax, 0 ; System call 0 for read
    47 0000002A BF00000000              	mov rdi, 0 ; File descriptor for stdin
    48 0000002F 48BE-                   	mov rsi, input_let ; Address of input buffer
    48 00000031 [0001000000000000] 
    49 00000039 BA16000000              	mov rdx, let_len ; Maximum length to read
    50 0000003E 0F05                    	syscall
    51                                  	
    52 00000040 48BE-                   	mov rsi, input_let ; РІРІРґРµРЅРЅРѕРµ СЃРѕС‡РµС‚Р°РЅРёРµ
    52 00000042 [0001000000000000] 
    53                                  	
    54                                  	; РїРѕРґСЃС‡РµС‚ РґР»РёРЅС‹ РІРІРµРґРµРЅРЅРѕРіРѕ СЃРѕС‡РµС‚Р°РЅРёСЏ
    55 0000004A B916000000              	mov rcx, 22
    56                                  	cycle_len:
    57 0000004F 8A06                    		mov al, [rsi]
    58 00000051 3C0A                    		cmp al, 0xA
    59 00000053 7408                    		je end_len
    60                                  		
    61 00000055 49FFC0                  		inc r8
    62 00000058 48FFC6                  		inc rsi
    63 0000005B E2F2                    		loop cycle_len
    64                                  	
    65                                  	end_len:
    66 0000005D 4C89C2                  	mov rdx, r8
    67                                  	
    68 00000060 48BF-                   	mov rdi, input_str ; РІРІРµРґРµРЅРЅР°СЏ СЃС‚СЂРѕРєР°
    68 00000062 [0000000000000000] 
    69 0000006A 48BE-                   	mov rsi, input_let ; РІРІРґРµРЅРЅРѕРµ СЃРѕС‡РµС‚Р°РЅРёРµ
    69 0000006C [0001000000000000] 
    70                                  	; mov rdx, let_len ; РґР»РёРЅР° СЃРѕС‡РµС‚Р°РЅРёСЏ
    71                                  	
    72                                  ; С‡Р°СЃС‚СЊ РєРѕРґР°, РєРѕС‚РѕСЂР°СЏ Р±СѓРґРµС‚ РЅР° Р°СЃСЃРµРјР±Р»РµСЂРµ
    73 00000074 4989F2                  	mov r10, rsi
    74 00000077 4989D4                  	mov r12, rdx
    75 0000007A 4889FE                  	mov rsi, rdi
    76                                  	; СЂР°СЃС‡РµС‚С‹
    77 0000007D B9FF000000              	mov rcx, str_len ; РґР»РёРЅР° СЃС‚СЂРѕРєРё
    78 00000082 41B901000000            	mov r9, 1 ; РЅРѕРјРµСЂ СЃР»РѕРІР° РІ СЃС‚СЂРѕРєРµ
    79 00000088 41B800000000            	mov r8, 0 ; РЅРѕРјРµСЂ Р±СѓРєРІС‹ РІ СЃР»РѕРІРµ
    80                                  	
    81                                  	cycle1:
    82 0000008E 51                      		push rcx ; СЃРѕС…СЂР°РЅСЏРµРј СЃС‡РµС‚С‡РёРє
    83                                  		
    84                                  		; РїСЂРѕРІРµСЂРєР° РЅР° РєРѕРЅРµС† СЃС‚СЂРѕРєРё
    85 0000008F 418A02                  		mov al, [r10]
    86 00000092 88C3                    		mov bl, al
    87                                  		
    88 00000094 8A06                    		mov al, [rsi]
    89 00000096 3C0A                    		cmp al, 0xA
    90 00000098 0F84B9000000            		je done
    91                                  		
    92                                  		; РїСЂРѕРІРµСЂРєР° РЅР° РїСЂРѕР±РµР» (РєРѕРЅРµС† СЃР»РѕРІР°)
    93 0000009E 3C20                    		cmp al, ' '
    94 000000A0 0F84A5000000            		je new_word
    95                                  		
    96 000000A6 49FFC0                  		inc r8 ; СѓРІРµР»РёС‡РёРІР°РµРј РЅРѕРјРµСЂ СЃРёРјРІРѕР»Р° РІ СЃР»РѕРІРµ
    97                                  		
    98                                  		; РїСЂРѕРІРµСЂРєР° РЅР° СЃРѕРІРїР°РґРµРЅРёРµ РґР°РЅРЅРѕРіРѕ СЃРёРјРІРѕР»Р° СЃ РїРµСЂРІРѕР№ Р±СѓРєРІРѕР№ СЃРѕС‡РµС‚Р°РЅРёСЏ
    99 000000A9 38D8                    		cmp al, bl
   100 000000AB 0F858E000000            		jne next_letter
   101                                  		
   102 000000B1 41BE00000000            		mov r14, 0
   103                                  		
   104 000000B7 4C89E1                  		mov rcx, r12 ; СЃС‡РµС‚С‡РёРє РїРѕ Р±СѓРєРІР°Рј СЃРѕС‡РµС‚Р°РЅРёСЏ
   105                                  		cycle2:
   106 000000BA 49FFC6                  			inc r14 ; СѓРІРµР»РёС‡РёРІР°РµРј С€Р°Рі РїРѕ СЃРёРјРІРѕР»Р°Рј
   107                                  			
   108                                  			; РїСЂРѕРІРµСЂРєР° РЅР° СЃРѕРІРїР°РґРµРЅРёРµ РѕСЃС‚Р°Р»СЊРЅС‹С… Р±СѓРєРІ СЃРѕС‡РµС‚Р°РЅРёСЏ СЃ СЃРѕСЃРµРґСЏРјРё РЅР°Р№РґРµРЅРЅРѕР№
   109 000000BD 49FFC2                  			inc r10
   110 000000C0 418A02                  			mov al, [r10]
   111 000000C3 88C3                    			mov bl, al
   112                                  			
   113 000000C5 48FFC6                  			inc rsi
   114 000000C8 8A06                    			mov al, [rsi]
   115 000000CA 38D8                    			cmp al, bl
   116 000000CC 7502                    			jne next_step ; РІС‹С…РѕРґ РёР· С†РёРєР»Р°
   117                                  
   118 000000CE E2EA                    			loop cycle2 ; РєРѕРЅРµС† РїСЂРѕРІРµСЂРєРё СЃРѕРІРїР°РґРµРЅРёСЏ РѕСЃС‚Р°Р»СЊРЅС‹С… СЃРёРјРІРѕР»РѕРІ
   119                                  		
   120                                  		next_step:
   121 000000D0 4C29F6                  		sub rsi, r14
   122 000000D3 4D29F2                  		sub r10, r14
   123                                  		
   124 000000D6 4989F5                  		mov r13, rsi
   125 000000D9 4D89D7                  		mov r15, r10
   126 000000DC 59                      		pop rcx
   127                                  		
   128                                  		; СЃРѕРІРїР°Р»Рё Р»Рё РІСЃРµ СЃРёРјРІРѕР»С‹ СЃРѕС‡РµС‚Р°РЅРёСЏ?
   129 000000DD 4D39F4                  		cmp r12, r14 ; РґР»РёРЅР° СЃРѕС‡РµС‚Р°РЅРёСЏ Рё РєРѕР»-РІРѕ СЃРѕРІРїР°РІС€РёС… Р±СѓРєРІ
   130 000000E0 755D                    		jne next_letter
   131                                  		
   132                                  		; С†РёРєР» РїРѕ РґР°Р±Р°РІР»РµРЅРёСЋ РІ РјР°С‚СЂРёС†Сѓ РЅРѕРјРµСЂРѕРІ Р±СѓРєРІ, СЃРѕРІРїР°РІС€РёС… СЃ СЃРѕС‡РµС‚Р°РЅРёРµРј
   133 000000E2 E8CE000000              		call PrintLettersNumber
   134 000000E7 E801010000              		call PrintSpace
   135                                  		
   136 000000EC 4C89F1                  		mov rcx, r14
   137                                  		cycle3: ; РІС‹РІРѕРґ РЅРѕРјРµСЂРѕРј Р±СѓРєРІ
   138 000000EF 51                      			push rcx ; СЃРѕС…СЂР°РЅСЏРµРј СЃС‡РµС‚С‡РёРє
   139 000000F0 4C89C0                  			mov rax, r8
   140 000000F3 48BE-                   			mov rsi, OutBuf
   140 000000F5 [1701000000000000] 
   141 000000FD E823010000              			call IntToStr64
   142 00000102 E8CA000000              			call PrintNumber
   143 00000107 E8E1000000              			call PrintSpace
   144                                  
   145 0000010C 49FFC0                  			inc r8
   146 0000010F 59                      			pop rcx
   147 00000110 E2DD                    			loop cycle3 ; РєРѕРЅРµС† РґРѕР±Р°РІР»РµРЅРёСЏ 
   148                                  		
   149 00000112 59                      		pop rcx
   150                                  		; РґРѕР±Р°РІР»РµРЅРёРµ РЅРѕРјРµСЂР° СЃР»РѕРІР°
   151 00000113 E881000000              		call PrintWordNumber
   152 00000118 E8D0000000              		call PrintSpace
   153                                  		
   154 0000011D 4C89C8                  		mov rax, r9
   155 00000120 48BE-                   		mov rsi, OutBuf
   155 00000122 [1701000000000000] 
   156 0000012A E8F6000000              		call IntToStr64
   157 0000012F E89D000000              		call PrintNumber
   158 00000134 E8D0000000              		call PrintNewLine
   159                                  		
   160 00000139 4C89EE                  		mov rsi, r13
   161 0000013C 4D89FA                  		mov r10, r15
   162                                  		
   163                                  		next_letter:
   164                                  
   165 0000013F 48FFC6                  		inc rsi
   166 00000142 48FFC9                  		dec rcx
   167 00000145 0F8543FFFFFF            		jnz cycle1 ; РєРѕРЅРµС† РїСЂРѕС…РѕРґР° РїРѕ СЃС‚СЂРѕРєРµ	
   168                                  	
   169                                  	new_word:
   170 0000014B 51                      		push rcx
   171 0000014C 41B800000000            		mov r8, 0
   172 00000152 49FFC1                  		inc r9
   173 00000155 EBE8                    		jmp next_letter
   174                                  	
   175                                  	; РІС‹РІРѕРґ СЂРµР·СѓР»СЊС‚Р°С‚Р°
   176                                  	done:
   177                                  	
   178                                  	exit:
   179 00000157 B83C000000              		mov rax, 60; СЃРёСЃС‚РµРјРЅР°СЏ С„СѓРЅРєС†РёСЏ 60 (exit)
   180 0000015C 4831FF                  		xor rdi, rdi; return code 0
   181 0000015F 0F05                    		syscall; РІС‹Р·РѕРІ СЃРёСЃС‚РµРјРЅРѕР№ С„СѓРЅРєС†РёРё
   182                                  		
   183                                  	PrintInputMsg:
   184 00000161 B801000000              		mov rax, 1
   185 00000166 BF01000000              		mov rdi, 1
   186 0000016B 48BE-                   		mov rsi, InputMsg
   186 0000016D [0200000000000000] 
   187 00000175 BA0F000000              		mov rdx, lenInput
   188 0000017A 0F05                    		syscall
   189 0000017C C3                      		ret
   190                                  		
   191                                  	PrintInputLetMsg:
   192 0000017D B801000000              		mov rax, 1
   193 00000182 BF01000000              		mov rdi, 1
   194 00000187 48BE-                   		mov rsi, InputLetMsg
   194 00000189 [1100000000000000] 
   195 00000191 BA1F000000              		mov rdx, lenInputLet
   196 00000196 0F05                    		syscall
   197 00000198 C3                      		ret
   198                                  		
   199                                  	PrintWordNumber:
   200 00000199 B801000000              		mov rax, 1
   201 0000019E BF01000000              		mov rdi, 1
   202 000001A3 48BE-                   		mov rsi, WordNumberMsg
   202 000001A5 [4200000000000000] 
   203 000001AD BA11000000              		mov rdx, lenWordNumber
   204 000001B2 0F05                    		syscall
   205 000001B4 C3                      		ret
   206                                  		
   207                                  	PrintLettersNumber:
   208 000001B5 B801000000              		mov rax, 1
   209 000001BA BF01000000              		mov rdi, 1
   210 000001BF 48BE-                   		mov rsi, LettersNumberMsg
   210 000001C1 [3000000000000000] 
   211 000001C9 BA12000000              		mov rdx, lenLettersNumber
   212 000001CE 0F05                    		syscall
   213 000001D0 C3                      		ret
   214                                  		
   215                                  	PrintNumber:
   216 000001D1 B801000000              		mov rax, 1
   217 000001D6 BF01000000              		mov rdi, 1
   218 000001DB 48BE-                   		mov rsi, OutBuf
   218 000001DD [1701000000000000] 
   219 000001E5 BA02000000              		mov rdx, lenOut
   220 000001EA 0F05                    		syscall
   221 000001EC C3                      		ret
   222                                  		
   223                                  	PrintSpace:
   224 000001ED B801000000              		mov rax, 1
   225 000001F2 BF01000000              		mov rdi, 1
   226 000001F7 48BE-                   		mov rsi, Space
   226 000001F9 [0000000000000000] 
   227 00000201 BA01000000              		mov rdx, 1
   228 00000206 0F05                    		syscall
   229 00000208 C3                      		ret
   230                                  		
   231                                  	PrintNewLine:
   232 00000209 B801000000              		mov rax, 1
   233 0000020E BF01000000              		mov rdi, 1
   234 00000213 48BE-                   		mov rsi, NewLine
   234 00000215 [0100000000000000] 
   235 0000021D BA01000000              		mov rdx, 1
   236 00000222 0F05                    		syscall
   237 00000224 C3                      		ret
   238                                  %include "../lib64.asm"
   239                              <1>          section .text     ; сегмент кода
   240                              <1> IntToStr64: 
   241 00000225 57                  <1>          push   rdi
   242 00000226 53                  <1>          push   rbx
   243 00000227 52                  <1>          push   rdx
   244 00000228 51                  <1>          push   rcx
   245 00000229 56                  <1> 		 push   rsi
   246 0000022A C60600              <1> 		 mov    byte[rsi],0 ; на место знака
   247 0000022D 83F800              <1>          cmp    eax,0
   248 00000230 7D05                <1>          jge    .l1
   249 00000232 F7D8                <1>          neg    eax
   250 00000234 C6062D              <1>          mov    byte[rsi],'-'
   251 00000237 C646060A            <1> .l1      mov    byte[rsi+6],10
   252 0000023B BF05000000          <1>          mov    rdi,5
   253 00000240 66BB0A00            <1>          mov    bx,10
   254 00000244 6699                <1> .again:  cwd           ; расширили слово до двойного
   255 00000246 66F7F3              <1>          div    bx     ; делим результат на 10
   256 00000249 80C230              <1>          add    dl,30h ; получаем из остатка код цифры
   257 0000024C 88143E              <1>          mov    [rsi+rdi],dl ; пишем символ в строку
   258 0000024F 48FFCF              <1>          dec    rdi    ; переводим указатель на  
   259                              <1>                        ; предыдущую позицию
   260 00000252 6683F800            <1>          cmp    ax, 0  ; преобразовали все число?
   261 00000256 75EC                <1>          jne    .again
   262 00000258 B906000000          <1>          mov    rcx, 6
   263 0000025D 4829F9              <1>          sub    rcx, rdi ; длина результата+знак
   264 00000260 4889C8              <1> 		 mov    rax,rcx
   265 00000263 48FFC0              <1> 		 inc    rax    ; длина результата+OA
   266 00000266 48FFC6              <1>          inc    rsi    ; пропускаем знак
   267 00000269 56                  <1> 		 push   rsi
   268 0000026A 488D343E            <1>          lea    rsi,[rsi+rdi] ; начало результата
   269 0000026E 5F                  <1> 		 pop    rdi
   270 0000026F F3A4                <1>          rep movsb
   271 00000271 5E                  <1>          pop    rsi  
   272 00000272 59                  <1>          pop    rcx
   273 00000273 5A                  <1>          pop    rdx
   274 00000274 5B                  <1>          pop    rbx
   275 00000275 5F                  <1>          pop    rdi
   276 00000276 C3                  <1>          ret
   277                              <1> StrToInt64:
   278 00000277 57                  <1>          push   rdi
   279 00000278 B739                <1>          mov    bh, '9'
   280 0000027A B330                <1>          mov    bl, '0'
   281 0000027C 56                  <1>          push   rsi     ; сохраняем адрес исходной строки
   282 0000027D 803E2D              <1>          cmp    byte[rsi], '-'
   283 00000280 7503                <1>          jne    .prod
   284 00000282 48FFC6              <1>          inc    rsi     ; пропускаем знак
   285 00000285 FC                  <1> .prod    cld
   286 00000286 6631FF              <1>          xor    di, di  ; обнуляем будущее число
   287 00000289 AC                  <1> .cycle:  lodsb          ; загружаем символ (цифру)
   288 0000028A 3C0A                <1>          cmp    al, 10  ; если 10, то на конец
   289 0000028C 741F                <1>          je     .Return
   290 0000028E 38D8                <1>          cmp    al, bl  ; сравниваем с кодом нуля
   291 00000290 722F                <1>          jb     .Error  ; "ниже" – Ошибка
   292 00000292 38F8                <1>          cmp    al, bh  ; сравниваем с кодом девяти 
   293 00000294 772B                <1>          ja     .Error  ; "выше" – Ошибка
   294 00000296 2C30                <1>          sub    al, 30h ; получаем цифру из символа
   295 00000298 6698                <1>          cbw            ; расширяем до слова
   296 0000029A 6650                <1>          push   ax      ; сохраняем в стеке
   297 0000029C 66B80A00            <1>          mov    ax, 10  ; заносим 10 в AX
   298 000002A0 66F7E7              <1>          mul    di      ; умножаем, результат в DX:AX
   299 000002A3 665F                <1>          pop    di      ; в DI – очередная цифра
   300 000002A5 6601F8              <1>          add    ax, di
   301 000002A8 6689C7              <1>          mov    di, ax  ; в DI – накопленное число        
   302 000002AB EBDC                <1>          jmp    .cycle
   303 000002AD 5E                  <1> .Return: pop    rsi
   304 000002AE BB00000000          <1>          mov    rbx, 0
   305 000002B3 803E2D              <1>          cmp    byte[rsi], '-'
   306 000002B6 7503                <1>          jne    .J
   307 000002B8 66F7DF              <1>          neg    di
   308 000002BB 6689F8              <1> .J       mov    ax, di
   309 000002BE 98                  <1>          cwde
   310 000002BF EB0B                <1>          jmp    .R
   311 000002C1 5E                  <1> .Error:  pop    rsi
   312 000002C2 B800000000          <1>          mov    rax, 0
   313 000002C7 BB01000000          <1>          mov    rbx, 1
   314 000002CC 5F                  <1> .R       pop    rdi
   315 000002CD C3                  <1>          ret
